// Jest Snapshot v1, https://goo.gl/fbAQLP

exports[`CountPill should render without crashing 1`] = `
<DocumentFragment>
  <div
    class="CountPill"
  />
</DocumentFragment>
`;
