// Jest Snapshot v1, https://goo.gl/fbAQLP

exports[`CarouselSlide should render without crashing 1`] = `
<DocumentFragment>
  <div
    class="sc-jSgupP ewJlEB rec rec-carousel-wrapper "
  >
    <div
      class="sc-eCssSg galrjd rec rec-carousel"
      style="height: 0px;"
    >
      <div
        class="sc-dlfnbm cukhLH rec rec-slider-container"
      >
        <div
          class="sc-hKgILt kFXEwu rec rec-slider"
          style="transition: all 500ms ease; left: 0px;"
        >
          <div
            class="rec rec-swipable"
            style="display: flex; flex-direction: row;"
          >
            <div
              class="rec rec-carousel-item rec-carousel-item-0 rec-carousel-item-visible"
            >
              <div
                class="sc-gsTCUz tXlBS rec rec-item-wrapper"
                id="0"
                style="width: 0px; padding: 0px 0px 0px 0px;"
              >
                <article
                  class="trend-card"
                >
                  <a>
                    <div
                      class="trend-card__content"
                    >
                      <h2
                        class="trend-card__title"
                      >
                        Why Stile and Rail Doors are Worth the Investment 
                        <div
                          class="trend-card__title-chevron"
                        >
                          <svg>
                            <svg
                              version="1.1"
                              viewBox="0 0 24 24"
                              xmlns="http://www.w3.org/2000/svg"
                            >
                              <title>
                                chevron-right
                              </title>
                              <path
                                d="M15.7 11.3l-6-6c-0.4-0.4-1-0.4-1.4 0s-0.4 1 0 1.4l5.3 5.3-5.3 5.3c-0.4 0.4-0.4 1 0 1.4 0.2 0.2 0.4 0.3 0.7 0.3s0.5-0.1 0.7-0.3l6-6c0.4-0.4 0.4-1 0-1.4z"
                              />
                            </svg>
                          </svg>
                        </div>
                      </h2>
                      Lorem ipsum dolor sit amet, consectetur adipiscing elit, sed do eiusmod tempor incididunt ut labore et dolore magna aliqua.
                    </div>
                    <div
                      class="trend-card__image-wrapper"
                    >
                      <img
                        alt=""
                        class="trend-card__image"
                        src="https://embed.widencdn.net/img/masonite/8hui9fjtwo/exact/Harring_Hotel%20Indigo_2_L2.jpeg"
                      />
                    </div>
                  </a>
                </article>
              </div>
            </div>
            <div
              class="rec rec-carousel-item rec-carousel-item-1 rec-carousel-item-hidden rec-carousel-item-next"
            >
              <div
                class="sc-gsTCUz tXlBS rec rec-item-wrapper"
                id="1"
                style="width: 0px; padding: 0px 0px 0px 0px;"
              >
                <article
                  class="trend-card"
                >
                  <a>
                    <div
                      class="trend-card__content"
                    >
                      <h2
                        class="trend-card__title"
                      >
                        Attack Resistant Door Opening 
                        <div
                          class="trend-card__title-chevron"
                        >
                          <svg>
                            <svg
                              version="1.1"
                              viewBox="0 0 24 24"
                              xmlns="http://www.w3.org/2000/svg"
                            >
                              <title>
                                chevron-right
                              </title>
                              <path
                                d="M15.7 11.3l-6-6c-0.4-0.4-1-0.4-1.4 0s-0.4 1 0 1.4l5.3 5.3-5.3 5.3c-0.4 0.4-0.4 1 0 1.4 0.2 0.2 0.4 0.3 0.7 0.3s0.5-0.1 0.7-0.3l6-6c0.4-0.4 0.4-1 0-1.4z"
                              />
                            </svg>
                          </svg>
                        </div>
                      </h2>
                      Lorem ipsum dolor sit amet, consectetur adipiscing elit, sed do eiusmod tempor incididunt ut labore et dolore magna aliqua.
                    </div>
                    <div
                      class="trend-card__image-wrapper"
                    >
                      <img
                        alt=""
                        class="trend-card__image"
                        src="https://embed.widencdn.net/download/masonite/ja05d7snlv/Attack-Resiatant_Library_mobil.jpg"
                      />
                    </div>
                  </a>
                </article>
              </div>
            </div>
            <div
              class="rec rec-carousel-item rec-carousel-item-2 rec-carousel-item-hidden"
            >
              <div
                class="sc-gsTCUz tXlBS rec rec-item-wrapper"
                id="2"
                style="width: 0px; padding: 0px 0px 0px 0px;"
              >
                <article
                  class="trend-card"
                >
                  <a>
                    <div
                      class="trend-card__content"
                    >
                      <h2
                        class="trend-card__title"
                      >
                        Reasons to Use Acoustically-Rated Doors in Healthcare Construction 
                        <div
                          class="trend-card__title-chevron"
                        >
                          <svg>
                            <svg
                              version="1.1"
                              viewBox="0 0 24 24"
                              xmlns="http://www.w3.org/2000/svg"
                            >
                              <title>
                                chevron-right
                              </title>
                              <path
                                d="M15.7 11.3l-6-6c-0.4-0.4-1-0.4-1.4 0s-0.4 1 0 1.4l5.3 5.3-5.3 5.3c-0.4 0.4-0.4 1 0 1.4 0.2 0.2 0.4 0.3 0.7 0.3s0.5-0.1 0.7-0.3l6-6c0.4-0.4 0.4-1 0-1.4z"
                              />
                            </svg>
                          </svg>
                        </div>
                      </h2>
                      Lorem ipsum dolor sit amet, consectetur adipiscing elit, sed do eiusmod tempor incididunt ut labore et dolore magna aliqua.
                    </div>
                    <div
                      class="trend-card__image-wrapper"
                    >
                      <img
                        alt=""
                        class="trend-card__image"
                        src="https://embed.widencdn.net/img/masonite/v5g5khzopv/exact/CHUM_020706_10_N407.jpeg"
                      />
                    </div>
                  </a>
                </article>
              </div>
            </div>
          </div>
        </div>
      </div>
    </div>
    <div
      class="pagination"
    >
      <button
        disabled=""
      >
        <div>
          <svg
            version="1.1"
            viewBox="0 0 24 24"
            xmlns="http://www.w3.org/2000/svg"
          >
            <title>
              chevron-left
            </title>
            <path
              d="M10.4 12l5.3-5.3c0.4-0.4 0.4-1 0-1.4s-1-0.4-1.4 0l-6 6c-0.4 0.4-0.4 1 0 1.4l6 6c0.2 0.2 0.5 0.3 0.7 0.3s0.5-0.1 0.7-0.3c0.4-0.4 0.4-1 0-1.4l-5.3-5.3z"
            />
          </svg>
        </div>
      </button>
      <button
        class="active"
      >
        1
      </button>
      <button
        class=""
      >
        2
      </button>
      <button
        class=""
      >
        3
      </button>
      <button>
        <div>
          <svg
            version="1.1"
            viewBox="0 0 24 24"
            xmlns="http://www.w3.org/2000/svg"
          >
            <title>
              chevron-right
            </title>
            <path
              d="M15.7 11.3l-6-6c-0.4-0.4-1-0.4-1.4 0s-0.4 1 0 1.4l5.3 5.3-5.3 5.3c-0.4 0.4-0.4 1 0 1.4 0.2 0.2 0.4 0.3 0.7 0.3s0.5-0.1 0.7-0.3l6-6c0.4-0.4 0.4-1 0-1.4z"
            />
          </svg>
        </div>
      </button>
    </div>
  </div>
</DocumentFragment>
`;
