// Jest Snapshot v1, https://goo.gl/fbAQLP

exports[`FilterableSearch with snapshots should render correctly 1`] = `
<FilterableSearch
  buttonLabel="Search"
  dropdownIcon="chevronDown"
  filterChoices={
    Array [
      Object {
        "checked": false,
        "label": "Filter 1",
        "value": "FILTER1",
      },
      Object {
        "checked": false,
        "label": "Filter 2",
        "value": "FILTER2",
      },
    ]
  }
  onFilterChange={[MockFunction]}
  onInputChange={[MockFunction]}
  onSubmit={[MockFunction]}
  placeholder="Search"
  value=""
>
  <div
    className="filterable-search"
  >
    <TextField
      align="left"
      disabled={false}
      error={false}
      helper=""
      onChange={[Function]}
      onKeyDown={[Function]}
      placeholder="Search"
      readonly={false}
      removeMargin={false}
      type="text"
      value=""
      variant="dark"
    >
      <div
        className="text-field text-field--dark"
      >
        <div
          className="text-field__label"
        />
        <div
          className="text-field__helper"
        />
        <input
          className="text-field__input"
          disabled={false}
          onBlur={[Function]}
          onChange={[Function]}
          onFocus={[Function]}
          onKeyDown={[Function]}
          placeholder="Search"
          readOnly={false}
          type="text"
          value=""
        />
        <TrailingIcon>
          <div
            className="text-field__icon"
            dangerouslySetInnerHTML={
              Object {
                "__html": undefined,
              }
            }
          />
        </TrailingIcon>
      </div>
    </TextField>
    <SearchButton>
      <button
        className="filterable-search__btn"
        onClick={[Function]}
        type="button"
      >
        Search
      </button>
    </SearchButton>
    <div>
      <DropdownToggle>
        <button
          className="filterable-search__dropdown-toggle"
          onClick={[Function]}
          type="button"
        >
          <div
            className="filterable-search__dropdown-toggle-icon"
            dangerouslySetInnerHTML={
              Object {
                "__html": "<svg version=\\"1.1\\" xmlns=\\"http://www.w3.org/2000/svg\\" viewBox=\\"0 0 24 24\\"><title>chevron-down</title><path d=\\"M18.7 8.3c-0.4-0.4-1-0.4-1.4 0l-5.3 5.3-5.3-5.3c-0.4-0.4-1-0.4-1.4 0s-0.4 1 0 1.4l6 6c0.2 0.2 0.5 0.3 0.7 0.3s0.5-0.1 0.7-0.3l6-6c0.4-0.4 0.4-1 0-1.4z\\"></path></svg>",
              }
            }
          />
        </button>
      </DropdownToggle>
      <DropdownMenu
        showFilters={false}
      >
        <ul
          className="filterable-search__dropdown-menu"
        >
          <li
            className="filterable-search__dropdown-menu-item"
            key="FILTER1"
          >
            <label
              className="filterable-search__dropdown-menu-item-label"
              htmlFor="FILTER10"
            >
              <Checkbox
                checked={false}
                disabled={false}
                name="FILTER10"
                onChange={[Function]}
              >
                <div
                  aria-checked={false}
                  className="checkbox"
                  onClick={[Function]}
                  onKeyPress={[Function]}
                  role="checkbox"
                  tabIndex={0}
                >
                  <input
                    checked={false}
                    className="checkbox-input"
                    readOnly={true}
                    type="checkbox"
                  />
                  <div
                    className="checkbox-svg-wrapper"
                  >
                    <svg
                      className="checkbox-svg-icon"
                      dangerouslySetInnerHTML={
                        Object {
                          "__html": "<svg version=\\"1.1\\" xmlns=\\"http://www.w3.org/2000/svg\\" viewBox=\\"0 0 24 24\\"><title>check</title><path d=\\"M20.7 5.3c-0.4-0.4-1-0.4-1.4 0l-10.3 10.3-4.3-4.3c-0.4-0.4-1-0.4-1.4 0s-0.4 1 0 1.4l5 5c0.2 0.2 0.4 0.3 0.7 0.3s0.5-0.1 0.7-0.3l11-11c0.4-0.4 0.4-1 0-1.4z\\"></path></svg>",
                        }
                      }
                    />
                  </div>
                </div>
              </Checkbox>
              <span
                className="filterable-search__dropdown-menu-item-label-text"
              >
                Filter 1
              </span>
            </label>
          </li>
          <li
            className="filterable-search__dropdown-menu-item"
            key="FILTER2"
          >
            <label
              className="filterable-search__dropdown-menu-item-label"
              htmlFor="FILTER21"
            >
              <Checkbox
                checked={false}
                disabled={false}
                name="FILTER21"
                onChange={[Function]}
              >
                <div
                  aria-checked={false}
                  className="checkbox"
                  onClick={[Function]}
                  onKeyPress={[Function]}
                  role="checkbox"
                  tabIndex={0}
                >
                  <input
                    checked={false}
                    className="checkbox-input"
                    readOnly={true}
                    type="checkbox"
                  />
                  <div
                    className="checkbox-svg-wrapper"
                  >
                    <svg
                      className="checkbox-svg-icon"
                      dangerouslySetInnerHTML={
                        Object {
                          "__html": "<svg version=\\"1.1\\" xmlns=\\"http://www.w3.org/2000/svg\\" viewBox=\\"0 0 24 24\\"><title>check</title><path d=\\"M20.7 5.3c-0.4-0.4-1-0.4-1.4 0l-10.3 10.3-4.3-4.3c-0.4-0.4-1-0.4-1.4 0s-0.4 1 0 1.4l5 5c0.2 0.2 0.4 0.3 0.7 0.3s0.5-0.1 0.7-0.3l11-11c0.4-0.4 0.4-1 0-1.4z\\"></path></svg>",
                        }
                      }
                    />
                  </div>
                </div>
              </Checkbox>
              <span
                className="filterable-search__dropdown-menu-item-label-text"
              >
                Filter 2
              </span>
            </label>
          </li>
        </ul>
      </DropdownMenu>
    </div>
  </div>
</FilterableSearch>
`;
